1 <comma> ',' 
1 <comma> ','
2 <comma> ','   
2 <comma> ','  
3 <comma> ','
4 <comma> ','   
4 <comma> ',' 