1 <comment> '// comment 1'
4 <comment> '// im a comment // some random text'