1 <number> '12' 
1 <number> '912'
2 <number> '12.90'
3 <number> '89283'
4 <number> '123.929'
5 <number> '0.12129012' 
5 <number> '5.23' 
5 <number> '78.005'