1 <dot> '.'
1 <dot> '.'
2 <dot> '.'
2 <dot> '.'
3 <dot> '.'
4 <dot> '.'
4 <dot> '.'