1 <left-parenthesis> '('
1 <left-parenthesis> '('
2 <left-parenthesis> '('
2 <left-parenthesis> '('
3 <left-parenthesis> '('
4 <left-parenthesis> '('
4 <left-parenthesis> '('