1 <right_parenthesis> ')'
1 <right_parenthesis> ')'
2 <right_parenthesis> ')'
2 <right_parenthesis> ')'
3 <right_parenthesis> ')'
4 <right_parenthesis> ')'
4 <right_parenthesis> ')'