<expression statement>
  <Assignment>
    a
    (1.0 + ((2.0 * 3.0) - 4.0))
<expression statement>
  <Assignment>
    y
    (1.0 + (2.0 + (3.0 + ((4.0 * 5.0) + (6.0 - 7.0)))))
<expression statement>
  <Assignment>
    a
    ((get b) + ((3.0 * 4.0) - 1.0))