<statement si>
<condition>
    verdadi
<then>
  <block>
    <imprimi>
      'verdadi!'
<else>
  <block>
    <imprimi>
      'falsu!'